Archive member included because of file (symbol)

/usr/lib/gcc/avr/4.5.3/avr5/libgcc.a(_exit.o)
                              /usr/lib/gcc/avr/4.5.3/../../../avr/lib/avr5/crtm32.o (exit)
/usr/lib/gcc/avr/4.5.3/avr5/libgcc.a(_copy_data.o)
                              obj/Debug/main.o (__do_copy_data)
/usr/lib/gcc/avr/4.5.3/avr5/libgcc.a(_fixunssfsi.o)
                              obj/Debug/HD44780.o (__fixunssfsi)
/usr/lib/gcc/avr/4.5.3/avr5/libgcc.a(_addsub_sf.o)
                              /usr/lib/gcc/avr/4.5.3/avr5/libgcc.a(_fixunssfsi.o) (__subsf3)
/usr/lib/gcc/avr/4.5.3/avr5/libgcc.a(_mul_sf.o)
                              obj/Debug/HD44780.o (__mulsf3)
/usr/lib/gcc/avr/4.5.3/avr5/libgcc.a(_div_sf.o)
                              obj/Debug/HD44780.o (__divsf3)
/usr/lib/gcc/avr/4.5.3/avr5/libgcc.a(_gt_sf.o)
                              obj/Debug/HD44780.o (__gtsf2)
/usr/lib/gcc/avr/4.5.3/avr5/libgcc.a(_ge_sf.o)
                              /usr/lib/gcc/avr/4.5.3/avr5/libgcc.a(_fixunssfsi.o) (__gesf2)
/usr/lib/gcc/avr/4.5.3/avr5/libgcc.a(_lt_sf.o)
                              obj/Debug/HD44780.o (__ltsf2)
/usr/lib/gcc/avr/4.5.3/avr5/libgcc.a(_sf_to_si.o)
                              /usr/lib/gcc/avr/4.5.3/avr5/libgcc.a(_fixunssfsi.o) (__fixsfsi)
/usr/lib/gcc/avr/4.5.3/avr5/libgcc.a(_thenan_sf.o)
                              /usr/lib/gcc/avr/4.5.3/avr5/libgcc.a(_addsub_sf.o) (__thenan_sf)
/usr/lib/gcc/avr/4.5.3/avr5/libgcc.a(_prologue.o)
                              /usr/lib/gcc/avr/4.5.3/avr5/libgcc.a(_addsub_sf.o) (__prologue_saves__)
/usr/lib/gcc/avr/4.5.3/avr5/libgcc.a(_epilogue.o)
                              /usr/lib/gcc/avr/4.5.3/avr5/libgcc.a(_addsub_sf.o) (__epilogue_restores__)
/usr/lib/gcc/avr/4.5.3/avr5/libgcc.a(_pack_sf.o)
                              /usr/lib/gcc/avr/4.5.3/avr5/libgcc.a(_addsub_sf.o) (__pack_f)
/usr/lib/gcc/avr/4.5.3/avr5/libgcc.a(_unpack_sf.o)
                              /usr/lib/gcc/avr/4.5.3/avr5/libgcc.a(_addsub_sf.o) (__unpack_f)
/usr/lib/gcc/avr/4.5.3/avr5/libgcc.a(_fpcmp_parts_sf.o)
                              /usr/lib/gcc/avr/4.5.3/avr5/libgcc.a(_gt_sf.o) (__fpcmp_parts_f)
/usr/lib/gcc/avr/4.5.3/../../../avr/lib/avr5/libc.a(sprintf.o)
                              obj/Debug/main.o (sprintf)
/usr/lib/gcc/avr/4.5.3/../../../avr/lib/avr5/libc.a(vfprintf_std.o)
                              /usr/lib/gcc/avr/4.5.3/../../../avr/lib/avr5/libc.a(sprintf.o) (vfprintf)
/usr/lib/gcc/avr/4.5.3/../../../avr/lib/avr5/libc.a(strnlen_P.o)
                              /usr/lib/gcc/avr/4.5.3/../../../avr/lib/avr5/libc.a(vfprintf_std.o) (strnlen_P)
/usr/lib/gcc/avr/4.5.3/../../../avr/lib/avr5/libc.a(strnlen.o)
                              /usr/lib/gcc/avr/4.5.3/../../../avr/lib/avr5/libc.a(vfprintf_std.o) (strnlen)
/usr/lib/gcc/avr/4.5.3/../../../avr/lib/avr5/libc.a(fputc.o)
                              /usr/lib/gcc/avr/4.5.3/../../../avr/lib/avr5/libc.a(vfprintf_std.o) (fputc)
/usr/lib/gcc/avr/4.5.3/../../../avr/lib/avr5/libc.a(ultoa_invert.o)
                              /usr/lib/gcc/avr/4.5.3/../../../avr/lib/avr5/libc.a(vfprintf_std.o) (__ultoa_invert)

Memory Configuration

Name             Origin             Length             Attributes
text             0x00000000         0x00020000         xr
data             0x00800060         0x0000ffa0         rw !x
eeprom           0x00810000         0x00010000         rw !x
fuse             0x00820000         0x00000400         rw !x
lock             0x00830000         0x00000400         rw !x
signature        0x00840000         0x00000400         rw !x
*default*        0x00000000         0xffffffff

Linker script and memory map

LOAD /usr/lib/gcc/avr/4.5.3/../../../avr/lib/avr5/crtm32.o
LOAD obj/Debug/fuse.o
LOAD obj/Debug/HD44780.o
LOAD obj/Debug/main.o
LOAD /usr/lib/gcc/avr/4.5.3/avr5/libgcc.a
LOAD /usr/lib/gcc/avr/4.5.3/../../../avr/lib/avr5/libm.a
LOAD /usr/lib/gcc/avr/4.5.3/avr5/libgcc.a
LOAD /usr/lib/gcc/avr/4.5.3/../../../avr/lib/avr5/libc.a
LOAD /usr/lib/gcc/avr/4.5.3/avr5/libgcc.a

.hash
 *(.hash)

.dynsym
 *(.dynsym)

.dynstr
 *(.dynstr)

.gnu.version
 *(.gnu.version)

.gnu.version_d
 *(.gnu.version_d)

.gnu.version_r
 *(.gnu.version_r)

.rel.init
 *(.rel.init)

.rela.init
 *(.rela.init)

.rel.text
 *(.rel.text)
 *(.rel.text.*)
 *(.rel.gnu.linkonce.t*)

.rela.text
 *(.rela.text)
 *(.rela.text.*)
 *(.rela.gnu.linkonce.t*)

.rel.fini
 *(.rel.fini)

.rela.fini
 *(.rela.fini)

.rel.rodata
 *(.rel.rodata)
 *(.rel.rodata.*)
 *(.rel.gnu.linkonce.r*)

.rela.rodata
 *(.rela.rodata)
 *(.rela.rodata.*)
 *(.rela.gnu.linkonce.r*)

.rel.data
 *(.rel.data)
 *(.rel.data.*)
 *(.rel.gnu.linkonce.d*)

.rela.data
 *(.rela.data)
 *(.rela.data.*)
 *(.rela.gnu.linkonce.d*)

.rel.ctors
 *(.rel.ctors)

.rela.ctors
 *(.rela.ctors)

.rel.dtors
 *(.rel.dtors)

.rela.dtors
 *(.rela.dtors)

.rel.got
 *(.rel.got)

.rela.got
 *(.rela.got)

.rel.bss
 *(.rel.bss)

.rela.bss
 *(.rela.bss)

.rel.plt
 *(.rel.plt)

.rela.plt
 *(.rela.plt)

.text           0x00000000     0x2b10
 *(.vectors)
 .vectors       0x00000000       0x54 /usr/lib/gcc/avr/4.5.3/../../../avr/lib/avr5/crtm32.o
                0x00000000                __vectors
                0x00000000                __vector_default
 *(.vectors)
 *(.progmem.gcc*)
 *(.progmem*)
                0x00000054                . = ALIGN (0x2)
                0x00000054                __trampolines_start = .
 *(.trampolines)
 .trampolines   0x00000054        0x0 linker stubs
 *(.trampolines*)
                0x00000054                __trampolines_end = .
 *(.jumptables)
 *(.jumptables*)
 *(.lowtext)
 *(.lowtext*)
                0x00000054                __ctors_start = .
 *(.ctors)
                0x00000054                __ctors_end = .
                0x00000054                __dtors_start = .
 *(.dtors)
                0x00000054                __dtors_end = .
 SORT(*)(.ctors)
 SORT(*)(.dtors)
 *(.init0)
 .init0         0x00000054        0x0 /usr/lib/gcc/avr/4.5.3/../../../avr/lib/avr5/crtm32.o
                0x00000054                __init
 *(.init0)
 *(.init1)
 *(.init1)
 *(.init2)
 .init2         0x00000054        0xc /usr/lib/gcc/avr/4.5.3/../../../avr/lib/avr5/crtm32.o
 *(.init2)
 *(.init3)
 *(.init3)
 *(.init4)
 .init4         0x00000060       0x16 /usr/lib/gcc/avr/4.5.3/avr5/libgcc.a(_copy_data.o)
                0x00000060                __do_copy_data
 *(.init4)
 *(.init5)
 *(.init5)
 *(.init6)
 *(.init6)
 *(.init7)
 *(.init7)
 *(.init8)
 *(.init8)
 *(.init9)
 .init9         0x00000076        0x8 /usr/lib/gcc/avr/4.5.3/../../../avr/lib/avr5/crtm32.o
 *(.init9)
 *(.text)
 .text          0x0000007e        0x4 /usr/lib/gcc/avr/4.5.3/../../../avr/lib/avr5/crtm32.o
                0x0000007e                __vector_1
                0x0000007e                __vector_12
                0x0000007e                __bad_interrupt
                0x0000007e                __vector_6
                0x0000007e                __vector_3
                0x0000007e                __vector_11
                0x0000007e                __vector_13
                0x0000007e                __vector_17
                0x0000007e                __vector_19
                0x0000007e                __vector_7
                0x0000007e                __vector_5
                0x0000007e                __vector_4
                0x0000007e                __vector_9
                0x0000007e                __vector_2
                0x0000007e                __vector_15
                0x0000007e                __vector_8
                0x0000007e                __vector_14
                0x0000007e                __vector_10
                0x0000007e                __vector_16
                0x0000007e                __vector_18
                0x0000007e                __vector_20
 .text          0x00000082        0x0 obj/Debug/fuse.o
 .text          0x00000082      0xb86 obj/Debug/HD44780.o
                0x00000082                _LCD_OutNibble
                0x00000166                _LCD_Write
                0x00000398                LCD_WriteCommand
                0x000003c4                LCD_WriteData
                0x000003f0                LCD_WriteText
                0x00000430                LCD_GoTo
                0x0000045e                LCD_Clear
                0x00000592                LCD_Home
                0x000006c6                LCD_Initalize
 .text          0x00000c08      0xd66 obj/Debug/main.o
                0x00000c08                main
 .text          0x0000196e        0x0 /usr/lib/gcc/avr/4.5.3/avr5/libgcc.a(_exit.o)
 .text          0x0000196e        0x0 /usr/lib/gcc/avr/4.5.3/avr5/libgcc.a(_copy_data.o)
 .text          0x0000196e       0x58 /usr/lib/gcc/avr/4.5.3/avr5/libgcc.a(_fixunssfsi.o)
                0x0000196e                __fixunssfsi
 .text          0x000019c6      0x350 /usr/lib/gcc/avr/4.5.3/avr5/libgcc.a(_addsub_sf.o)
                0x00001c5a                __addsf3
                0x00001cb4                __subsf3
 .text          0x00001d16      0x1f4 /usr/lib/gcc/avr/4.5.3/avr5/libgcc.a(_mul_sf.o)
                0x00001d16                __mulsf3
 .text          0x00001f0a      0x15c /usr/lib/gcc/avr/4.5.3/avr5/libgcc.a(_div_sf.o)
                0x00001f0a                __divsf3
 .text          0x00002066       0x60 /usr/lib/gcc/avr/4.5.3/avr5/libgcc.a(_gt_sf.o)
                0x00002066                __gtsf2
 .text          0x000020c6       0x60 /usr/lib/gcc/avr/4.5.3/avr5/libgcc.a(_ge_sf.o)
                0x000020c6                __gesf2
 .text          0x00002126       0x60 /usr/lib/gcc/avr/4.5.3/avr5/libgcc.a(_lt_sf.o)
                0x00002126                __ltsf2
 .text          0x00002186       0xa4 /usr/lib/gcc/avr/4.5.3/avr5/libgcc.a(_sf_to_si.o)
                0x00002186                __fixsfsi
 .text          0x0000222a        0x0 /usr/lib/gcc/avr/4.5.3/avr5/libgcc.a(_thenan_sf.o)
 .text          0x0000222a        0x0 /usr/lib/gcc/avr/4.5.3/avr5/libgcc.a(_prologue.o)
 .text          0x0000222a        0x0 /usr/lib/gcc/avr/4.5.3/avr5/libgcc.a(_epilogue.o)
 .text          0x0000222a      0x19c /usr/lib/gcc/avr/4.5.3/avr5/libgcc.a(_pack_sf.o)
                0x0000222a                __pack_f
 .text          0x000023c6       0xd2 /usr/lib/gcc/avr/4.5.3/avr5/libgcc.a(_unpack_sf.o)
                0x000023c6                __unpack_f
 .text          0x00002498       0xb2 /usr/lib/gcc/avr/4.5.3/avr5/libgcc.a(_fpcmp_parts_sf.o)
                0x00002498                __fpcmp_parts_f
 .text          0x0000254a        0x0 /usr/lib/gcc/avr/4.5.3/../../../avr/lib/avr5/libc.a(sprintf.o)
 .text          0x0000254a        0x0 /usr/lib/gcc/avr/4.5.3/../../../avr/lib/avr5/libc.a(vfprintf_std.o)
 .text          0x0000254a        0x0 /usr/lib/gcc/avr/4.5.3/../../../avr/lib/avr5/libc.a(strnlen_P.o)
 .text          0x0000254a        0x0 /usr/lib/gcc/avr/4.5.3/../../../avr/lib/avr5/libc.a(strnlen.o)
 .text          0x0000254a        0x0 /usr/lib/gcc/avr/4.5.3/../../../avr/lib/avr5/libc.a(fputc.o)
 .text          0x0000254a        0x0 /usr/lib/gcc/avr/4.5.3/../../../avr/lib/avr5/libc.a(ultoa_invert.o)
                0x0000254a                . = ALIGN (0x2)
 *(.text.*)
 .text.libgcc   0x0000254a        0x0 /usr/lib/gcc/avr/4.5.3/avr5/libgcc.a(_exit.o)
 .text.libgcc   0x0000254a        0x0 /usr/lib/gcc/avr/4.5.3/avr5/libgcc.a(_copy_data.o)
 .text.libgcc   0x0000254a       0x38 /usr/lib/gcc/avr/4.5.3/avr5/libgcc.a(_prologue.o)
                0x0000254a                __prologue_saves__
 .text.libgcc   0x00002582       0x36 /usr/lib/gcc/avr/4.5.3/avr5/libgcc.a(_epilogue.o)
                0x00002582                __epilogue_restores__
 .text.avr-libc
                0x000025b8       0x46 /usr/lib/gcc/avr/4.5.3/../../../avr/lib/avr5/libc.a(sprintf.o)
                0x000025b8                sprintf
 .text.avr-libc
                0x000025fe      0x3ce /usr/lib/gcc/avr/4.5.3/../../../avr/lib/avr5/libc.a(vfprintf_std.o)
                0x000025fe                vfprintf
 .text.avr-libc
                0x000029cc       0x16 /usr/lib/gcc/avr/4.5.3/../../../avr/lib/avr5/libc.a(strnlen_P.o)
                0x000029cc                strnlen_P
 .text.avr-libc
                0x000029e2       0x16 /usr/lib/gcc/avr/4.5.3/../../../avr/lib/avr5/libc.a(strnlen.o)
                0x000029e2                strnlen
 .text.avr-libc
                0x000029f8       0x58 /usr/lib/gcc/avr/4.5.3/../../../avr/lib/avr5/libc.a(fputc.o)
                0x000029f8                fputc
 .text.avr-libc
                0x00002a50       0xbc /usr/lib/gcc/avr/4.5.3/../../../avr/lib/avr5/libc.a(ultoa_invert.o)
                0x00002a50                __ultoa_invert
                0x00002b0c                . = ALIGN (0x2)
 *(.fini9)
 .fini9         0x00002b0c        0x0 /usr/lib/gcc/avr/4.5.3/avr5/libgcc.a(_exit.o)
                0x00002b0c                exit
                0x00002b0c                _exit
 *(.fini9)
 *(.fini8)
 *(.fini8)
 *(.fini7)
 *(.fini7)
 *(.fini6)
 *(.fini6)
 *(.fini5)
 *(.fini5)
 *(.fini4)
 *(.fini4)
 *(.fini3)
 *(.fini3)
 *(.fini2)
 *(.fini2)
 *(.fini1)
 *(.fini1)
 *(.fini0)
 .fini0         0x00002b0c        0x4 /usr/lib/gcc/avr/4.5.3/avr5/libgcc.a(_exit.o)
 *(.fini0)
                0x00002b10                _etext = .

.data           0x00800060       0x78 load address 0x00002b10
                0x00800060                PROVIDE (__data_start, .)
 *(.data)
 .data          0x00800060        0x0 /usr/lib/gcc/avr/4.5.3/../../../avr/lib/avr5/crtm32.o
 .data          0x00800060        0x0 obj/Debug/fuse.o
 .data          0x00800060        0x0 obj/Debug/HD44780.o
 .data          0x00800060       0x6f obj/Debug/main.o
 .data          0x008000cf        0x0 /usr/lib/gcc/avr/4.5.3/avr5/libgcc.a(_exit.o)
 .data          0x008000cf        0x0 /usr/lib/gcc/avr/4.5.3/avr5/libgcc.a(_copy_data.o)
 .data          0x008000cf        0x0 /usr/lib/gcc/avr/4.5.3/avr5/libgcc.a(_fixunssfsi.o)
 .data          0x008000cf        0x0 /usr/lib/gcc/avr/4.5.3/avr5/libgcc.a(_addsub_sf.o)
 .data          0x008000cf        0x0 /usr/lib/gcc/avr/4.5.3/avr5/libgcc.a(_mul_sf.o)
 .data          0x008000cf        0x0 /usr/lib/gcc/avr/4.5.3/avr5/libgcc.a(_div_sf.o)
 .data          0x008000cf        0x0 /usr/lib/gcc/avr/4.5.3/avr5/libgcc.a(_gt_sf.o)
 .data          0x008000cf        0x0 /usr/lib/gcc/avr/4.5.3/avr5/libgcc.a(_ge_sf.o)
 .data          0x008000cf        0x0 /usr/lib/gcc/avr/4.5.3/avr5/libgcc.a(_lt_sf.o)
 .data          0x008000cf        0x0 /usr/lib/gcc/avr/4.5.3/avr5/libgcc.a(_sf_to_si.o)
 .data          0x008000cf        0x8 /usr/lib/gcc/avr/4.5.3/avr5/libgcc.a(_thenan_sf.o)
                0x008000cf                __thenan_sf
 .data          0x008000d7        0x0 /usr/lib/gcc/avr/4.5.3/avr5/libgcc.a(_prologue.o)
 .data          0x008000d7        0x0 /usr/lib/gcc/avr/4.5.3/avr5/libgcc.a(_epilogue.o)
 .data          0x008000d7        0x0 /usr/lib/gcc/avr/4.5.3/avr5/libgcc.a(_pack_sf.o)
 .data          0x008000d7        0x0 /usr/lib/gcc/avr/4.5.3/avr5/libgcc.a(_unpack_sf.o)
 .data          0x008000d7        0x0 /usr/lib/gcc/avr/4.5.3/avr5/libgcc.a(_fpcmp_parts_sf.o)
 .data          0x008000d7        0x0 /usr/lib/gcc/avr/4.5.3/../../../avr/lib/avr5/libc.a(sprintf.o)
 .data          0x008000d7        0x0 /usr/lib/gcc/avr/4.5.3/../../../avr/lib/avr5/libc.a(vfprintf_std.o)
 .data          0x008000d7        0x0 /usr/lib/gcc/avr/4.5.3/../../../avr/lib/avr5/libc.a(strnlen_P.o)
 .data          0x008000d7        0x0 /usr/lib/gcc/avr/4.5.3/../../../avr/lib/avr5/libc.a(strnlen.o)
 .data          0x008000d7        0x0 /usr/lib/gcc/avr/4.5.3/../../../avr/lib/avr5/libc.a(fputc.o)
 .data          0x008000d7        0x0 /usr/lib/gcc/avr/4.5.3/../../../avr/lib/avr5/libc.a(ultoa_invert.o)
 *(.data*)
 *(.rodata)
 *(.rodata*)
 *(.gnu.linkonce.d*)
                0x008000d8                . = ALIGN (0x2)
 *fill*         0x008000d7        0x1 00
                0x008000d8                _edata = .
                0x008000d8                PROVIDE (__data_end, .)

.bss            0x008000d8        0x0
                0x008000d8                PROVIDE (__bss_start, .)
 *(.bss)
 .bss           0x008000d8        0x0 /usr/lib/gcc/avr/4.5.3/../../../avr/lib/avr5/crtm32.o
 .bss           0x008000d8        0x0 obj/Debug/fuse.o
 .bss           0x008000d8        0x0 obj/Debug/HD44780.o
 .bss           0x008000d8        0x0 obj/Debug/main.o
 .bss           0x008000d8        0x0 /usr/lib/gcc/avr/4.5.3/avr5/libgcc.a(_exit.o)
 .bss           0x008000d8        0x0 /usr/lib/gcc/avr/4.5.3/avr5/libgcc.a(_copy_data.o)
 .bss           0x008000d8        0x0 /usr/lib/gcc/avr/4.5.3/avr5/libgcc.a(_fixunssfsi.o)
 .bss           0x008000d8        0x0 /usr/lib/gcc/avr/4.5.3/avr5/libgcc.a(_addsub_sf.o)
 .bss           0x008000d8        0x0 /usr/lib/gcc/avr/4.5.3/avr5/libgcc.a(_mul_sf.o)
 .bss           0x008000d8        0x0 /usr/lib/gcc/avr/4.5.3/avr5/libgcc.a(_div_sf.o)
 .bss           0x008000d8        0x0 /usr/lib/gcc/avr/4.5.3/avr5/libgcc.a(_gt_sf.o)
 .bss           0x008000d8        0x0 /usr/lib/gcc/avr/4.5.3/avr5/libgcc.a(_ge_sf.o)
 .bss           0x008000d8        0x0 /usr/lib/gcc/avr/4.5.3/avr5/libgcc.a(_lt_sf.o)
 .bss           0x008000d8        0x0 /usr/lib/gcc/avr/4.5.3/avr5/libgcc.a(_sf_to_si.o)
 .bss           0x008000d8        0x0 /usr/lib/gcc/avr/4.5.3/avr5/libgcc.a(_thenan_sf.o)
 .bss           0x008000d8        0x0 /usr/lib/gcc/avr/4.5.3/avr5/libgcc.a(_prologue.o)
 .bss           0x008000d8        0x0 /usr/lib/gcc/avr/4.5.3/avr5/libgcc.a(_epilogue.o)
 .bss           0x008000d8        0x0 /usr/lib/gcc/avr/4.5.3/avr5/libgcc.a(_pack_sf.o)
 .bss           0x008000d8        0x0 /usr/lib/gcc/avr/4.5.3/avr5/libgcc.a(_unpack_sf.o)
 .bss           0x008000d8        0x0 /usr/lib/gcc/avr/4.5.3/avr5/libgcc.a(_fpcmp_parts_sf.o)
 .bss           0x008000d8        0x0 /usr/lib/gcc/avr/4.5.3/../../../avr/lib/avr5/libc.a(sprintf.o)
 .bss           0x008000d8        0x0 /usr/lib/gcc/avr/4.5.3/../../../avr/lib/avr5/libc.a(vfprintf_std.o)
 .bss           0x008000d8        0x0 /usr/lib/gcc/avr/4.5.3/../../../avr/lib/avr5/libc.a(strnlen_P.o)
 .bss           0x008000d8        0x0 /usr/lib/gcc/avr/4.5.3/../../../avr/lib/avr5/libc.a(strnlen.o)
 .bss           0x008000d8        0x0 /usr/lib/gcc/avr/4.5.3/../../../avr/lib/avr5/libc.a(fputc.o)
 .bss           0x008000d8        0x0 /usr/lib/gcc/avr/4.5.3/../../../avr/lib/avr5/libc.a(ultoa_invert.o)
 *(.bss*)
 *(COMMON)
                0x008000d8                PROVIDE (__bss_end, .)
                0x00002b10                __data_load_start = LOADADDR (.data)
                0x00002b88                __data_load_end = (__data_load_start + SIZEOF (.data))

.noinit         0x008000d8        0x0
                0x008000d8                PROVIDE (__noinit_start, .)
 *(.noinit*)
                0x008000d8                PROVIDE (__noinit_end, .)
                0x008000d8                _end = .
                0x008000d8                PROVIDE (__heap_start, .)

.eeprom         0x00810000        0x0
 *(.eeprom*)
                0x00810000                __eeprom_end = .

.fuse           0x00820000        0x2
 *(.fuse)
 .fuse          0x00820000        0x2 obj/Debug/fuse.o
                0x00820000                __fuse
 *(.lfuse)
 *(.hfuse)
 *(.efuse)

.lock
 *(.lock*)

.signature
 *(.signature*)

.stab           0x00000000     0x3d50
 *(.stab)
 .stab          0x00000000      0x6cc /usr/lib/gcc/avr/4.5.3/../../../avr/lib/avr5/crtm32.o
 .stab          0x000006cc      0x2dc obj/Debug/fuse.o
                                0x2e8 (size before relaxing)
 .stab          0x000009a8      0xc78 obj/Debug/HD44780.o
                                0xe34 (size before relaxing)
 .stab          0x00001620     0x10d4 obj/Debug/main.o
                               0x12fc (size before relaxing)
 .stab          0x000026f4      0x3cc /usr/lib/gcc/avr/4.5.3/../../../avr/lib/avr5/libc.a(sprintf.o)
                                0x3d8 (size before relaxing)
 .stab          0x00002ac0      0xaf8 /usr/lib/gcc/avr/4.5.3/../../../avr/lib/avr5/libc.a(vfprintf_std.o)
                                0xcd8 (size before relaxing)
 .stab          0x000035b8       0x9c /usr/lib/gcc/avr/4.5.3/../../../avr/lib/avr5/libc.a(strnlen_P.o)
                                 0xa8 (size before relaxing)
 .stab          0x00003654       0x9c /usr/lib/gcc/avr/4.5.3/../../../avr/lib/avr5/libc.a(strnlen.o)
                                 0xa8 (size before relaxing)
 .stab          0x000036f0      0x1e0 /usr/lib/gcc/avr/4.5.3/../../../avr/lib/avr5/libc.a(fputc.o)
                                0x3c0 (size before relaxing)
 .stab          0x000038d0      0x480 /usr/lib/gcc/avr/4.5.3/../../../avr/lib/avr5/libc.a(ultoa_invert.o)
                                0x48c (size before relaxing)

.stabstr        0x00000000     0x2a16
 *(.stabstr)
 .stabstr       0x00000000     0x2a16 /usr/lib/gcc/avr/4.5.3/../../../avr/lib/avr5/crtm32.o

.stab.excl
 *(.stab.excl)

.stab.exclstr
 *(.stab.exclstr)

.stab.index
 *(.stab.index)

.stab.indexstr
 *(.stab.indexstr)

.comment
 *(.comment)

.debug
 *(.debug)

.line
 *(.line)

.debug_srcinfo
 *(.debug_srcinfo)

.debug_sfnames
 *(.debug_sfnames)

.debug_aranges
 *(.debug_aranges)

.debug_pubnames
 *(.debug_pubnames)

.debug_info
 *(.debug_info)
 *(.gnu.linkonce.wi.*)

.debug_abbrev
 *(.debug_abbrev)

.debug_line
 *(.debug_line)

.debug_frame
 *(.debug_frame)

.debug_str
 *(.debug_str)

.debug_loc
 *(.debug_loc)

.debug_macinfo
 *(.debug_macinfo)
OUTPUT(bin/Debug/LCD.elf elf32-avr)
LOAD linker stubs

Cross Reference Table

Symbol                                            File
LCD_Clear                                         obj/Debug/HD44780.o
                                                  obj/Debug/main.o
LCD_GoTo                                          obj/Debug/HD44780.o
                                                  obj/Debug/main.o
LCD_Home                                          obj/Debug/HD44780.o
                                                  obj/Debug/main.o
LCD_Initalize                                     obj/Debug/HD44780.o
                                                  obj/Debug/main.o
LCD_WriteCommand                                  obj/Debug/HD44780.o
LCD_WriteData                                     obj/Debug/HD44780.o
LCD_WriteText                                     obj/Debug/HD44780.o
                                                  obj/Debug/main.o
_LCD_OutNibble                                    obj/Debug/HD44780.o
_LCD_Write                                        obj/Debug/HD44780.o
__addsf3                                          /usr/lib/gcc/avr/4.5.3/avr5/libgcc.a(_addsub_sf.o)
__bad_interrupt                                   /usr/lib/gcc/avr/4.5.3/../../../avr/lib/avr5/crtm32.o
__data_end                                        /usr/lib/gcc/avr/4.5.3/avr5/libgcc.a(_copy_data.o)
__data_load_start                                 /usr/lib/gcc/avr/4.5.3/avr5/libgcc.a(_copy_data.o)
__data_start                                      /usr/lib/gcc/avr/4.5.3/avr5/libgcc.a(_copy_data.o)
__divsf3                                          /usr/lib/gcc/avr/4.5.3/avr5/libgcc.a(_div_sf.o)
                                                  obj/Debug/HD44780.o
__do_copy_data                                    /usr/lib/gcc/avr/4.5.3/avr5/libgcc.a(_copy_data.o)
                                                  /usr/lib/gcc/avr/4.5.3/avr5/libgcc.a(_thenan_sf.o)
                                                  obj/Debug/main.o
__epilogue_restores__                             /usr/lib/gcc/avr/4.5.3/avr5/libgcc.a(_epilogue.o)
                                                  /usr/lib/gcc/avr/4.5.3/../../../avr/lib/avr5/libc.a(vfprintf_std.o)
                                                  /usr/lib/gcc/avr/4.5.3/../../../avr/lib/avr5/libc.a(sprintf.o)
                                                  /usr/lib/gcc/avr/4.5.3/avr5/libgcc.a(_pack_sf.o)
                                                  /usr/lib/gcc/avr/4.5.3/avr5/libgcc.a(_sf_to_si.o)
                                                  /usr/lib/gcc/avr/4.5.3/avr5/libgcc.a(_lt_sf.o)
                                                  /usr/lib/gcc/avr/4.5.3/avr5/libgcc.a(_ge_sf.o)
                                                  /usr/lib/gcc/avr/4.5.3/avr5/libgcc.a(_gt_sf.o)
                                                  /usr/lib/gcc/avr/4.5.3/avr5/libgcc.a(_div_sf.o)
                                                  /usr/lib/gcc/avr/4.5.3/avr5/libgcc.a(_mul_sf.o)
                                                  /usr/lib/gcc/avr/4.5.3/avr5/libgcc.a(_addsub_sf.o)
__fixsfsi                                         /usr/lib/gcc/avr/4.5.3/avr5/libgcc.a(_sf_to_si.o)
                                                  /usr/lib/gcc/avr/4.5.3/avr5/libgcc.a(_fixunssfsi.o)
__fixunssfsi                                      /usr/lib/gcc/avr/4.5.3/avr5/libgcc.a(_fixunssfsi.o)
                                                  obj/Debug/main.o
                                                  obj/Debug/HD44780.o
__fpcmp_parts_f                                   /usr/lib/gcc/avr/4.5.3/avr5/libgcc.a(_fpcmp_parts_sf.o)
                                                  /usr/lib/gcc/avr/4.5.3/avr5/libgcc.a(_lt_sf.o)
                                                  /usr/lib/gcc/avr/4.5.3/avr5/libgcc.a(_ge_sf.o)
                                                  /usr/lib/gcc/avr/4.5.3/avr5/libgcc.a(_gt_sf.o)
__fuse                                            obj/Debug/fuse.o
__gesf2                                           /usr/lib/gcc/avr/4.5.3/avr5/libgcc.a(_ge_sf.o)
                                                  /usr/lib/gcc/avr/4.5.3/avr5/libgcc.a(_fixunssfsi.o)
__gtsf2                                           /usr/lib/gcc/avr/4.5.3/avr5/libgcc.a(_gt_sf.o)
                                                  obj/Debug/main.o
                                                  obj/Debug/HD44780.o
__heap_end                                        /usr/lib/gcc/avr/4.5.3/../../../avr/lib/avr5/crtm32.o
__init                                            /usr/lib/gcc/avr/4.5.3/../../../avr/lib/avr5/crtm32.o
__ltsf2                                           /usr/lib/gcc/avr/4.5.3/avr5/libgcc.a(_lt_sf.o)
                                                  obj/Debug/main.o
                                                  obj/Debug/HD44780.o
__mulsf3                                          /usr/lib/gcc/avr/4.5.3/avr5/libgcc.a(_mul_sf.o)
                                                  obj/Debug/main.o
                                                  obj/Debug/HD44780.o
__pack_f                                          /usr/lib/gcc/avr/4.5.3/avr5/libgcc.a(_pack_sf.o)
                                                  /usr/lib/gcc/avr/4.5.3/avr5/libgcc.a(_div_sf.o)
                                                  /usr/lib/gcc/avr/4.5.3/avr5/libgcc.a(_mul_sf.o)
                                                  /usr/lib/gcc/avr/4.5.3/avr5/libgcc.a(_addsub_sf.o)
__prologue_saves__                                /usr/lib/gcc/avr/4.5.3/avr5/libgcc.a(_prologue.o)
                                                  /usr/lib/gcc/avr/4.5.3/../../../avr/lib/avr5/libc.a(vfprintf_std.o)
                                                  /usr/lib/gcc/avr/4.5.3/../../../avr/lib/avr5/libc.a(sprintf.o)
                                                  /usr/lib/gcc/avr/4.5.3/avr5/libgcc.a(_sf_to_si.o)
                                                  /usr/lib/gcc/avr/4.5.3/avr5/libgcc.a(_lt_sf.o)
                                                  /usr/lib/gcc/avr/4.5.3/avr5/libgcc.a(_ge_sf.o)
                                                  /usr/lib/gcc/avr/4.5.3/avr5/libgcc.a(_gt_sf.o)
                                                  /usr/lib/gcc/avr/4.5.3/avr5/libgcc.a(_div_sf.o)
                                                  /usr/lib/gcc/avr/4.5.3/avr5/libgcc.a(_mul_sf.o)
                                                  /usr/lib/gcc/avr/4.5.3/avr5/libgcc.a(_addsub_sf.o)
__stack                                           /usr/lib/gcc/avr/4.5.3/../../../avr/lib/avr5/crtm32.o
__subsf3                                          /usr/lib/gcc/avr/4.5.3/avr5/libgcc.a(_addsub_sf.o)
                                                  /usr/lib/gcc/avr/4.5.3/avr5/libgcc.a(_fixunssfsi.o)
__thenan_sf                                       /usr/lib/gcc/avr/4.5.3/avr5/libgcc.a(_thenan_sf.o)
                                                  /usr/lib/gcc/avr/4.5.3/avr5/libgcc.a(_div_sf.o)
                                                  /usr/lib/gcc/avr/4.5.3/avr5/libgcc.a(_mul_sf.o)
                                                  /usr/lib/gcc/avr/4.5.3/avr5/libgcc.a(_addsub_sf.o)
__ultoa_invert                                    /usr/lib/gcc/avr/4.5.3/../../../avr/lib/avr5/libc.a(ultoa_invert.o)
                                                  /usr/lib/gcc/avr/4.5.3/../../../avr/lib/avr5/libc.a(vfprintf_std.o)
__unpack_f                                        /usr/lib/gcc/avr/4.5.3/avr5/libgcc.a(_unpack_sf.o)
                                                  /usr/lib/gcc/avr/4.5.3/avr5/libgcc.a(_sf_to_si.o)
                                                  /usr/lib/gcc/avr/4.5.3/avr5/libgcc.a(_lt_sf.o)
                                                  /usr/lib/gcc/avr/4.5.3/avr5/libgcc.a(_ge_sf.o)
                                                  /usr/lib/gcc/avr/4.5.3/avr5/libgcc.a(_gt_sf.o)
                                                  /usr/lib/gcc/avr/4.5.3/avr5/libgcc.a(_div_sf.o)
                                                  /usr/lib/gcc/avr/4.5.3/avr5/libgcc.a(_mul_sf.o)
                                                  /usr/lib/gcc/avr/4.5.3/avr5/libgcc.a(_addsub_sf.o)
__vector_1                                        /usr/lib/gcc/avr/4.5.3/../../../avr/lib/avr5/crtm32.o
__vector_10                                       /usr/lib/gcc/avr/4.5.3/../../../avr/lib/avr5/crtm32.o
__vector_11                                       /usr/lib/gcc/avr/4.5.3/../../../avr/lib/avr5/crtm32.o
__vector_12                                       /usr/lib/gcc/avr/4.5.3/../../../avr/lib/avr5/crtm32.o
__vector_13                                       /usr/lib/gcc/avr/4.5.3/../../../avr/lib/avr5/crtm32.o
__vector_14                                       /usr/lib/gcc/avr/4.5.3/../../../avr/lib/avr5/crtm32.o
__vector_15                                       /usr/lib/gcc/avr/4.5.3/../../../avr/lib/avr5/crtm32.o
__vector_16                                       /usr/lib/gcc/avr/4.5.3/../../../avr/lib/avr5/crtm32.o
__vector_17                                       /usr/lib/gcc/avr/4.5.3/../../../avr/lib/avr5/crtm32.o
__vector_18                                       /usr/lib/gcc/avr/4.5.3/../../../avr/lib/avr5/crtm32.o
__vector_19                                       /usr/lib/gcc/avr/4.5.3/../../../avr/lib/avr5/crtm32.o
__vector_2                                        /usr/lib/gcc/avr/4.5.3/../../../avr/lib/avr5/crtm32.o
__vector_20                                       /usr/lib/gcc/avr/4.5.3/../../../avr/lib/avr5/crtm32.o
__vector_3                                        /usr/lib/gcc/avr/4.5.3/../../../avr/lib/avr5/crtm32.o
__vector_4                                        /usr/lib/gcc/avr/4.5.3/../../../avr/lib/avr5/crtm32.o
__vector_5                                        /usr/lib/gcc/avr/4.5.3/../../../avr/lib/avr5/crtm32.o
__vector_6                                        /usr/lib/gcc/avr/4.5.3/../../../avr/lib/avr5/crtm32.o
__vector_7                                        /usr/lib/gcc/avr/4.5.3/../../../avr/lib/avr5/crtm32.o
__vector_8                                        /usr/lib/gcc/avr/4.5.3/../../../avr/lib/avr5/crtm32.o
__vector_9                                        /usr/lib/gcc/avr/4.5.3/../../../avr/lib/avr5/crtm32.o
__vector_default                                  /usr/lib/gcc/avr/4.5.3/../../../avr/lib/avr5/crtm32.o
__vectors                                         /usr/lib/gcc/avr/4.5.3/../../../avr/lib/avr5/crtm32.o
_exit                                             /usr/lib/gcc/avr/4.5.3/avr5/libgcc.a(_exit.o)
exit                                              /usr/lib/gcc/avr/4.5.3/avr5/libgcc.a(_exit.o)
                                                  /usr/lib/gcc/avr/4.5.3/../../../avr/lib/avr5/crtm32.o
fputc                                             /usr/lib/gcc/avr/4.5.3/../../../avr/lib/avr5/libc.a(fputc.o)
                                                  /usr/lib/gcc/avr/4.5.3/../../../avr/lib/avr5/libc.a(vfprintf_std.o)
main                                              obj/Debug/main.o
                                                  /usr/lib/gcc/avr/4.5.3/../../../avr/lib/avr5/crtm32.o
sprintf                                           /usr/lib/gcc/avr/4.5.3/../../../avr/lib/avr5/libc.a(sprintf.o)
                                                  obj/Debug/main.o
strnlen                                           /usr/lib/gcc/avr/4.5.3/../../../avr/lib/avr5/libc.a(strnlen.o)
                                                  /usr/lib/gcc/avr/4.5.3/../../../avr/lib/avr5/libc.a(vfprintf_std.o)
strnlen_P                                         /usr/lib/gcc/avr/4.5.3/../../../avr/lib/avr5/libc.a(strnlen_P.o)
                                                  /usr/lib/gcc/avr/4.5.3/../../../avr/lib/avr5/libc.a(vfprintf_std.o)
vfprintf                                          /usr/lib/gcc/avr/4.5.3/../../../avr/lib/avr5/libc.a(vfprintf_std.o)
                                                  /usr/lib/gcc/avr/4.5.3/../../../avr/lib/avr5/libc.a(sprintf.o)
